[English](README.md) | **[Italiano](README-it.md)** | *[Add](https://github.com/markdown-localization/mdlm-spec#workflow)* <!-- l10n:select -->

<!-- l10n:p
## Example A

Here is a text of example.
l10n:p -->

## Example A

TBD

<!-- l10n:p
### References

Some references here.
l10n:p -->

### References

TBD

